Microchip MPLAB XC8 Compiler V3.10

Linker command line:

-W-3 \
  --edf=C:/Users/pc/.mchp_packs/Microchip/PIC16Fxxx_DFP/1.8.167/xc8\pic\dat\20260422061002_en.msgs \
  -cn \
  -h+D:\Documents\Study\Microcontroller\BTL\Big_Project_MCU\out\Big_Project_MCU\default.sym \
  --cmf=D:\Documents\Study\Microcontroller\BTL\Big_Project_MCU\out\Big_Project_MCU\default.cmf \
  -z -Q16F887 -oD:\Temp\xcAsies.0\driver_tmp_3.o --defsym=__MPLAB_BUILD=1 \
  --fixupoverflow=error -Mmem.map --md=D:\Temp\xcAsies.0\driver_tmp_0.dat \
  -E1 -ver=XC8 Compiler -ACODE=00h-07FFhx4 -ASTRCODE=00h-01FFFh \
  -ASTRING=00h-0FFhx32 -ACONST=00h-0FFhx32 -AENTRY=00h-0FFhx32 \
  -ACOMMON=070h-07Fh -ABANK0=020h-06Fh -ABANK1=0A0h-0EFh \
  -ABANK2=0110h-016Fh -ABANK3=0190h-01EFh \
  -ARAM=020h-06Fh,0A0h-0EFh,0110h-016Fh,0190h-01EFh \
  -AABS1=020h-07Fh,0A0h-0EFh,0110h-016Fh,0190h-01EFh -ASFR0=00h-01Fh \
  -ASFR1=080h-09Fh -ASFR2=0100h-010Fh -ASFR3=0180h-018Fh \
  -ACONFIG=02007h-02008h -DCONFIG=2 -AIDLOC=02000h-02003h -DIDLOC=2 \
  -AEEDATA=00h-0FFh/02100h -peeprom_data=EEDATA -DEEDATA=2 -DCODE=2 \
  -DSTRCODE=2 -DSTRING=2 -DCONST=2 -DENTRY=2 \
  -preset_vec=00h,intentry=04h,sivt,init,end_init -ppowerup=CODE \
  -pcinit=CODE -pfunctab=ENTRY -k D:\Temp\xcAsies.0\driver_tmp_10.o \
  D:\Documents\Study\Microcontroller\BTL\Big_Project_MCU\out\Big_Project_MCU\default.o 

Object code version is 3.11

Machine type is 16F887



                Name                               Link     Load   Length Selector   Space Scale
D:\Temp\xcAsies.0\driver_tmp_10.o
                end_init                             10       10        3        8       0
                reset_vec                             0        0        3        0       0
                config                             2007     2007        2        0       4
D:\Documents\Study\Microcontroller\BTL\Big_Project_MCU\out\Big_Project_MCU\default.o
                cinit                                13       13       2E        8       0
                intentry                              4        4        C        8       0
                config                             2007     2007        2        0       4
                text43                             172C     172C       67     2E58       0
                text42                             149C     149C       23     2938       0
                text41                             13D4     13D4       11     27A8       0
                text40                             142B     142B       1A     2856       0
                text39                             14E2     14E2       25     29C4       0
                text38                             147D     147D       1F     28FA       0
                text37                             13A2     13A2        9     2744       0
                text36                             13E5     13E5       16     27CA       0
                text35                             13AB     13AB        A     2756       0
                text34                              805      805       28     100A       0
                text33                             16C6     16C6       66     2D8C       0
                text32                             1618     1618       54     2C30       0
                text31                              BB8      BB8       B7     1770       0
                text30                             1507     1507       27     2A0E       0
                text29                              82D      82D       75     105A       0
                text28                             13FB     13FB       17     27F6       0
                text27                             1445     1445       1A     288A       0
                text26                             166C     166C       5A     2CD8       0
                text25                             15C5     15C5       53     2B8A       0
                text24                              E70      E70      190     1CE0       0
                text23                              672      672      142        8       0
                text22                              B04      B04       B4     1608       0
                text21                              A5C      A5C       A8     14B8       0
                text20                             152E     152E       45     2A5C       0
                text19                              7B4      7B4       48        8       0
                text18                              9C1      9C1       9B     1382       0
                text17                              928      928       99     1250       0
                text16                              D5E      D5E      112     1ABC       0
                text15                             1793     1793       6D     2F26       0
                text14                             1412     1412       19     2824       0
                text13                              8A2      8A2       86     1144       0
                text12                               41       41      32A        8       0
                text11                              C6F      C6F       EF     18DE       0
                text10                             14BF     14BF       23     297E       0
                text9                               7FF      7FF        1        8       0
                text8                              1573     1573       52     2AE6       0
                text7                              13C4     13C4       10     2788       0
                text6                               7FE      7FE        1        8       0
                text5                               7FD      7FD        1        8       0
                text4                              13B5     13B5        F     276A       0
                text3                              138E     138E        6     271C       0
                text2                              1394     1394        6     2728       0
                text1                              145F     145F       1E     28BE       0
                maintext                            36B      36B      307        8       0
                cstackBANK0                          20       20       46       20       1
                cstackCOMMON                         70       70        C       70       1
                cstackBANK1                          A0       A0       40       A0       1
                clrtext                            139A     139A        8     2734       0
                bssBANK2                            110      110       40      110       1
                bssBANK3                            190      190       3E      190       1
                bssBANK1                             E0       E0        E       A0       1
                dataBANK0                            6F       6F        1       20       1
                bssBANK0                             66       66        8       20       1
                bssCOMMON                            7C       7C        2       70       1
                strings                            1000     1000       30     2000       0
                nvBANK1                              EE       EE        1       A0       1
                nvBANK0                              6E       6E        1       20       1
                idataBANK0                          7FC      7FC        1        8       0

TOTAL           Name                               Link     Load   Length     Space
        CLASS   CODE           
                end_init                             10       10        3         0
                cinit                                13       13       2E         0
                intentry                              4        4        C         0
                reset_vec                             0        0        3         0
                text43                             172C     172C       67         0
                text42                             149C     149C       23         0
                text41                             13D4     13D4       11         0
                text40                             142B     142B       1A         0
                text39                             14E2     14E2       25         0
                text38                             147D     147D       1F         0
                text37                             13A2     13A2        9         0
                text36                             13E5     13E5       16         0
                text35                             13AB     13AB        A         0
                text34                              805      805       28         0
                text33                             16C6     16C6       66         0
                text32                             1618     1618       54         0
                text31                              BB8      BB8       B7         0
                text30                             1507     1507       27         0
                text29                              82D      82D       75         0
                text28                             13FB     13FB       17         0
                text27                             1445     1445       1A         0
                text26                             166C     166C       5A         0
                text25                             15C5     15C5       53         0
                text24                              E70      E70      190         0
                text23                              672      672      142         0
                text22                              B04      B04       B4         0
                text21                              A5C      A5C       A8         0
                text20                             152E     152E       45         0
                text19                              7B4      7B4       48         0
                text18                              9C1      9C1       9B         0
                text17                              928      928       99         0
                text16                              D5E      D5E      112         0
                text15                             1793     1793       6D         0
                text14                             1412     1412       19         0
                text13                              8A2      8A2       86         0
                text12                               41       41      32A         0
                text11                              C6F      C6F       EF         0
                text10                             14BF     14BF       23         0
                text9                               7FF      7FF        1         0
                text8                              1573     1573       52         0
                text7                              13C4     13C4       10         0
                text6                               7FE      7FE        1         0
                text5                               7FD      7FD        1         0
                text4                              13B5     13B5        F         0
                text3                              138E     138E        6         0
                text2                              1394     1394        6         0
                text1                              145F     145F       1E         0
                maintext                            36B      36B      307         0
                clrtext                            139A     139A        8         0
                idataBANK0                          7FC      7FC        1         0

        CLASS   STRCODE        

        CLASS   STRING         
                strings                            1000     1000       30         0

        CLASS   CONST          

        CLASS   ENTRY          

        CLASS   COMMON         
                cstackCOMMON                         70       70        C         1
                bssCOMMON                            7C       7C        2         1

        CLASS   BANK0          
                cstackBANK0                          20       20       46         1
                dataBANK0                            6F       6F        1         1
                bssBANK0                             66       66        8         1
                nvBANK0                              6E       6E        1         1

        CLASS   BANK1          
                cstackBANK1                          A0       A0       40         1
                bssBANK1                             E0       E0        E         1
                nvBANK1                              EE       EE        1         1

        CLASS   BANK2          
                bssBANK2                            110      110       40         1

        CLASS   BANK3          
                bssBANK3                            190      190       3E         1

        CLASS   RAM            

        CLASS   ABS1           
                abs_s1                               7E       7E        2         1

        CLASS   SFR0           

        CLASS   SFR1           

        CLASS   SFR2           

        CLASS   SFR3           

        CLASS   CONFIG         
                config                             2007     2007        2         4

        CLASS   IDLOC          

        CLASS   EEDATA         

        CLASS   HEAP           

        CLASS   STACK          



SEGMENTS        Name                           Load    Length   Top    Selector   Space  Class     Delta

                reset_vec                      000000  000003  000003         0       0  CODE        2
                intentry                       000004  0007FC  000800         8       0  CODE        2
                cstackBANK0                    000020  000050  000070        20       1  BANK0       1
                cstackCOMMON                   000070  00000E  00007E        70       1  COMMON      1
                cstackBANK1                    0000A0  00004F  0000EF        A0       1  BANK1       1
                bssBANK2                       000110  000040  000150       110       1  BANK2       1
                bssBANK3                       000190  00003E  0001CE       190       1  BANK3       1
                text34                         000805  000028  00082D      100A       0  CODE        2
                text29                         00082D  000075  0008A2      105A       0  CODE        2
                text13                         0008A2  000086  000928      1144       0  CODE        2
                text17                         000928  000099  0009C1      1250       0  CODE        2
                text18                         0009C1  00009B  000A5C      1382       0  CODE        2
                text21                         000A5C  0000A8  000B04      14B8       0  CODE        2
                text22                         000B04  0000B4  000BB8      1608       0  CODE        2
                text31                         000BB8  0000B7  000C6F      1770       0  CODE        2
                text11                         000C6F  0000EF  000D5E      18DE       0  CODE        2
                text16                         000D5E  000112  000E70      1ABC       0  CODE        2
                text24                         000E70  000190  001000      1CE0       0  CODE        2
                strings                        001000  000030  001030      2000       0  STRING      2
                text3                          00138E  000006  001394      271C       0  CODE        2
                text2                          001394  000006  00139A      2728       0  CODE        2
                clrtext                        00139A  000008  0013A2      2734       0  CODE        2
                text37                         0013A2  000009  0013AB      2744       0  CODE        2
                text35                         0013AB  00000A  0013B5      2756       0  CODE        2
                text4                          0013B5  00000F  0013C4      276A       0  CODE        2
                text7                          0013C4  000010  0013D4      2788       0  CODE        2
                text41                         0013D4  000011  0013E5      27A8       0  CODE        2
                text36                         0013E5  000016  0013FB      27CA       0  CODE        2
                text28                         0013FB  000017  001412      27F6       0  CODE        2
                text14                         001412  000019  00142B      2824       0  CODE        2
                text40                         00142B  00001A  001445      2856       0  CODE        2
                text27                         001445  00001A  00145F      288A       0  CODE        2
                text1                          00145F  00001E  00147D      28BE       0  CODE        2
                text38                         00147D  00001F  00149C      28FA       0  CODE        2
                text42                         00149C  000023  0014BF      2938       0  CODE        2
                text10                         0014BF  000023  0014E2      297E       0  CODE        2
                text39                         0014E2  000025  001507      29C4       0  CODE        2
                text30                         001507  000027  00152E      2A0E       0  CODE        2
                text20                         00152E  000045  001573      2A5C       0  CODE        2
                text8                          001573  000052  0015C5      2AE6       0  CODE        2
                text25                         0015C5  000053  001618      2B8A       0  CODE        2
                text32                         001618  000054  00166C      2C30       0  CODE        2
                text26                         00166C  00005A  0016C6      2CD8       0  CODE        2
                text33                         0016C6  000066  00172C      2D8C       0  CODE        2
                text43                         00172C  000067  001793      2E58       0  CODE        2
                text15                         001793  00006D  001800      2F26       0  CODE        2


UNUSED ADDRESS RANGES

        Name                Unused          Largest block    Delta
        BANK1            00EF-00EF              1           1
        BANK2            0150-016F             20           1
        BANK3            01CE-01EF             22           1
        CODE             0003-0003              1           2
                         0800-0804              5
                         1030-138D            35E
                         1800-1FFF            800
        CONST            0003-0003              1           2
                         0800-0804              5
                         1030-138D            100
                         1800-1FFF            100
        EEDATA           2100-21FF            100           2
        ENTRY            0003-0003              1           2
                         0800-0804              5
                         1030-138D            100
                         1800-1FFF            100
        IDLOC            2000-2003              4           2
        RAM              00EF-00EF              1           1
                         0150-016F             20
                         01CE-01EF             22
        SFR0             0000-001F             20           1
        SFR1             0080-009F             20           1
        SFR2             0100-010F             10           1
        SFR3             0180-018F             10           1
        STRCODE          0003-0003              1           2
                         0800-0804              5
                         1030-138D            35E
                         1800-1FFF            800
        STRING           0003-0003              1           2
                         0800-0804              5
                         1030-138D            100
                         1800-1FFF            100

                                  Symbol Table

?_Encoder_GetAngle                      cstackBANK0  003C
?_PID_Compute                           cstackBANK0  002D
?_SysTick_GetMs                         cstackBANK0  0020
?___aldiv                               cstackBANK0  002D
?___lldiv                               cstackBANK0  002D
?___llmod                               cstackBANK0  0020
?___lmul                                cstackBANK0  0020
?___wmul                                cstackBANK0  0020
?_atoi                                  cstackBANK0  0026
?_strlen                                cstackBANK0  0020
?_strncmp                               cstackBANK0  0020
APP_Commute@Calib_done                  cstackBANK0  0053
APP_Commute@Run_mode                    cstackBANK0  0052
APP_Commute@buffer                      cstackBANK0  005A
APP_Commute@c                           cstackBANK0  005F
APP_Commute@cmd_buffer                  bssBANK3     01AE
APP_Commute@cmd_idx                     bssBANK0     006C
APP_Commute@motor_angle                 cstackBANK0  004D
APP_Commute@pid                         cstackBANK0  004B
APP_Commute@ptr                         cstackBANK0  0060
APP_Commute@setpoint                    cstackBANK0  0051
DC_Motor_Init@IN1_pin                   cstackBANK0  004B
DC_Motor_Init@IN2_pin                   cstackBANK0  004C
DC_Motor_Init@IN_port                   cstackBANK0  004D
DC_Motor_SetVoltage@duty                cstackBANK0  004A
DC_Motor_SetVoltage@duty_333            cstackBANK0  004C
DC_Motor_SetVoltage@voltage_mV          cstackBANK0  0046
Encoder_GetAngle@angle                  bssBANK1     00E4
Encoder_ISR_Handler@changed             cstackCOMMON 0071
Encoder_ISR_Handler@dir                 cstackCOMMON 0072
Encoder_ISR_Handler@new_A               cstackCOMMON 0075
Encoder_ISR_Handler@new_B               cstackCOMMON 0076
Encoder_ISR_Handler@old_A               cstackCOMMON 0073
Encoder_ISR_Handler@old_B               cstackCOMMON 0074
Encoder_ISR_Handler@portb_new           cstackCOMMON 0077
Encoder_Reset@gie_state                 cstackBANK0  0020
HAL_ADC_ISR_Handler@adc_raw             cstackCOMMON 0071
HAL_GPIO_ReadPin@bit_status             cstackBANK0  0024
HAL_GPIO_ReadPin@pin                    cstackBANK0  0020
HAL_GPIO_ReadPin@port                   cstackBANK0  0023
HAL_GPIO_SetDirection@dir               cstackBANK0  0021
HAL_GPIO_SetDirection@pin               cstackBANK0  0020
HAL_GPIO_SetDirection@port              cstackBANK0  0024
HAL_GPIO_WritePin@pin                   cstackBANK0  0020
HAL_GPIO_WritePin@port                  cstackBANK0  0024
HAL_GPIO_WritePin@state                 cstackBANK0  0021
HAL_PWM_Init@frequency                  cstackBANK0  003B
HAL_PWM_Init@pr2_calc                   cstackBANK0  0047
HAL_PWM_SetDutyCycle@channel            cstackBANK0  0043
HAL_PWM_SetDutyCycle@duty_permille      cstackBANK0  003B
HAL_PWM_SetDutyCycle@duty_val           cstackBANK0  0044
HAL_PWM_SetDutyCycle@duty_val_32        cstackBANK0  003F
HAL_Timer0_ISR_Handler$F1000@ms_divider bssBANK0     0067
HAL_Timer0_ISR_Handler$F1256@ms_divider bssBANK0     0066
HAL_Timer0_ISR_Handler@ms_divider       bssBANK0     006B
HAL_UART_ISR_Handler@next_head          cstackCOMMON 0071
HAL_UART_ISR_Handler@received_byte      cstackCOMMON 0070
HAL_UART_Init@baud_rate                 cstackBANK0  003B
HAL_UART_Init@spbrg_value               cstackBANK0  0043
HAL_UART_ReadChar@data                  cstackBANK0  0020
HAL_UART_WriteChar@data                 cstackBANK0  0020
HAL_UART_WriteString@str                cstackBANK0  0021
PID_Compute@alpha                       cstackBANK0  004A
PID_Compute@beta                        cstackBANK0  004E
PID_Compute@delta_u                     cstackBANK0  0056
PID_Compute@e                           cstackBANK0  005A
PID_Compute@feedback                    cstackBANK0  0033
PID_Compute@gamma                       cstackBANK0  0052
PID_Compute@pid                         cstackBANK0  002D
PID_Compute@setpoint                    cstackBANK0  002F
PID_Compute@u_k                         cstackBANK0  005E
PID_Init@d                              cstackBANK0  002A
PID_Init@i                              cstackBANK0  0026
PID_Init@max                            cstackBANK0  0033
PID_Init@min                            cstackBANK0  002F
PID_Init@p                              cstackBANK0  0022
PID_Init@pid                            cstackBANK0  0020
PID_Init@ts                             cstackBANK0  002E
SysTick_GetMs@current_ticks             cstackBANK0  0024
Utils_IntToStr_Padded@abs_num           cstackBANK0  0044
Utils_IntToStr_Padded@buffer            cstackBANK0  003F
Utils_IntToStr_Padded@digits            cstackBANK0  0040
Utils_IntToStr_Padded@i                 cstackBANK0  0049
Utils_IntToStr_Padded@i_1339            cstackBANK0  004A
Utils_IntToStr_Padded@num               cstackBANK0  003B
Utils_IntToStr_Padded@stop_idx          cstackBANK0  0048
_ADCON0                                 (abs)        001F
_ADCON0bits                             (abs)        001F
_ADCON1bits                             (abs)        009F
_ADRESH                                 (abs)        001E
_ADRESL                                 (abs)        009E
_ANSEL                                  (abs)        0188
_ANSELH                                 (abs)        0189
_ANSELHbits                             (abs)        0189
_ANSELbits                              (abs)        0188
_APP_Commute                            text24       0E70
_BAUDCTLbits                            (abs)        0187
_CCP1CON                                (abs)        0017
_CCP1CONbits                            (abs)        0017
_CCP2CON                                (abs)        001D
_CCP2CONbits                            (abs)        001D
_CCPR1L                                 (abs)        0015
_CCPR2L                                 (abs)        001B
_DC_Motor_Init                          text20       152E
_DC_Motor_SetVoltage                    text16       0D5E
_Encoder_GetAngle                       text15       1793
_Encoder_ISR_Handler                    text43       172C
_Encoder_Reset                          text14       1412
_HAL_ADC_ISR_Handler                    text42       149C
_HAL_GPIO_ReadPin                       text13       08A2
_HAL_GPIO_SetDirection                  text23       0672
_HAL_GPIO_WritePin                      text22       0B04
_HAL_PWM_Init                           text21       0A5C
_HAL_PWM_SetDutyCycle                   text18       09C1
_HAL_Timer0_ISR_Handler                 text40       142B
_HAL_Timer0_Init                        text4        13B5
_HAL_UART_HasData                       text37       13A2
_HAL_UART_ISR_Handler                   text39       14E2
_HAL_UART_Init                          text8        1573
_HAL_UART_ReadChar                      text36       13E5
_HAL_UART_WriteChar                     text35       13AB
_HAL_UART_WriteString                   text34       0805
_IN1_pin_static                         nvBANK0      006E
_IN2_pin_static                         nvBANK1      00EE
_INTCONbits                             (abs)        000B
_IOCB                                   (abs)        0096
_ISR                                    text38       147D
_OPTION_REGbits                         (abs)        0081
_PID_Compute                            text12       0041
_PID_Init                               text11       0C6F
_PIE1bits                               (abs)        008C
_PIR1bits                               (abs)        000C
_PORTA                                  (abs)        0005
_PORTB                                  (abs)        0006
_PORTC                                  (abs)        0007
_PORTCbits                              (abs)        0007
_PORTD                                  (abs)        0008
_PORTE                                  (abs)        0009
_PR2                                    (abs)        0092
_RCREG                                  (abs)        001A
_RCSTAbits                              (abs)        0018
_SPBRG                                  (abs)        0099
_SPBRGH                                 (abs)        009A
_SysTick_GetMs                          text10       14BF
_SysTick_Increment                      text41       13D4
_SysTick_Init                           text3        138E
_System_Analog_Config                   text9        07FF
_System_Communication_Config            text7        13C4
_System_Display_Config                  text6        07FE
_System_GPIO_Config                     text5        07FD
_System_Services_Config                 text2        1394
_T2CONbits                              (abs)        0012
_TMR0                                   (abs)        0001
_TRISA                                  (abs)        0085
_TRISAbits                              (abs)        0085
_TRISB                                  (abs)        0086
_TRISBbits                              (abs)        0086
_TRISC                                  (abs)        0087
_TRISCbits                              (abs)        0087
_TRISD                                  (abs)        0088
_TRISE                                  (abs)        0089
_TRISEbits                              (abs)        0089
_TXREG                                  (abs)        0019
_TXSTAbits                              (abs)        0098
_Utils_IntToStr_Padded                  text31       0BB8
_WPUB                                   (abs)        0095
__H__absolute__                         __absolute__ 0000
__Habs1                                 abs1         0000
__Hbank0                                bank0        0000
__Hbank1                                bank1        0000
__Hbank2                                bank2        0000
__Hbank3                                bank3        0000
__HbssBANK0                             bssBANK0     0000
__HbssBANK1                             bssBANK1     0000
__HbssBANK2                             bssBANK2     0000
__HbssBANK3                             bssBANK3     0000
__HbssCOMMON                            bssCOMMON    0000
__Hcinit                                cinit        0041
__Hclrtext                              clrtext      0000
__Hcode                                 code         0000
__Hcommon                               common       0000
__Hconfig                               config       2009
__HcstackBANK0                          cstackBANK0  0000
__HcstackBANK1                          cstackBANK1  0000
__HcstackCOMMON                         cstackCOMMON 0000
__HdataBANK0                            dataBANK0    0000
__Heeprom_data                          eeprom_data  0000
__Hend_init                             end_init     0013
__Hfunctab                              functab      0000
__Hheap                                 heap         0000
__HidataBANK0                           idataBANK0   0000
__Hinit                                 init         0010
__Hintentry                             intentry     0010
__Hmaintext                             maintext     0000
__HnvBANK0                              nvBANK0      0000
__HnvBANK1                              nvBANK1      0000
__Hpowerup                              powerup      0000
__Hram                                  ram          0000
__Hreset_vec                            reset_vec    0003
__Hsfr0                                 sfr0         0000
__Hsfr1                                 sfr1         0000
__Hsfr2                                 sfr2         0000
__Hsfr3                                 sfr3         0000
__Hsivt                                 sivt         0010
__Hspace_0                              (abs)        1800
__Hspace_1                              (abs)        01CE
__Hspace_2                              (abs)        0000
__Hspace_3                              (abs)        0000
__Hspace_4                              (abs)        4010
__Hstack                                stack        0000
__Hstrings                              strings      0000
__Htext                                 text         0000
__L__absolute__                         __absolute__ 0000
__Labs1                                 abs1         0000
__Lbank0                                bank0        0000
__Lbank1                                bank1        0000
__Lbank2                                bank2        0000
__Lbank3                                bank3        0000
__LbssBANK0                             bssBANK0     0000
__LbssBANK1                             bssBANK1     0000
__LbssBANK2                             bssBANK2     0000
__LbssBANK3                             bssBANK3     0000
__LbssCOMMON                            bssCOMMON    0000
__Lcinit                                cinit        0013
__Lclrtext                              clrtext      0000
__Lcode                                 code         0000
__Lcommon                               common       0000
__Lconfig                               config       0000
__LcstackBANK0                          cstackBANK0  0000
__LcstackBANK1                          cstackBANK1  0000
__LcstackCOMMON                         cstackCOMMON 0000
__LdataBANK0                            dataBANK0    0000
__Leeprom_data                          eeprom_data  0000
__Lend_init                             end_init     0010
__Lfunctab                              functab      0000
__Lheap                                 heap         0000
__LidataBANK0                           idataBANK0   0000
__Linit                                 init         0010
__Lintentry                             intentry     0004
__Lmaintext                             maintext     0000
__LnvBANK0                              nvBANK0      0000
__LnvBANK1                              nvBANK1      0000
__Lpowerup                              powerup      0000
__Lram                                  ram          0000
__Lreset_vec                            reset_vec    0000
__Lsfr0                                 sfr0         0000
__Lsfr1                                 sfr1         0000
__Lsfr2                                 sfr2         0000
__Lsfr3                                 sfr3         0000
__Lsivt                                 sivt         0010
__Lspace_0                              (abs)        0000
__Lspace_1                              (abs)        0000
__Lspace_2                              (abs)        0000
__Lspace_3                              (abs)        0000
__Lspace_4                              (abs)        0000
__Lstack                                stack        0000
__Lstrings                              strings      0000
__Ltext                                 text         0000
__S0                                    (abs)        1800
__S1                                    (abs)        01CE
__S3                                    (abs)        0000
___aldiv                                text17       0928
___aldiv@counter                        cstackBANK0  0036
___aldiv@dividend                       cstackBANK0  0031
___aldiv@divisor                        cstackBANK0  002D
___aldiv@quotient                       cstackBANK0  0038
___aldiv@sign                           cstackBANK0  0037
___heap_hi                              (abs)        0000
___heap_lo                              (abs)        0000
___int_sp                               stack        0000
___int_stack_hi                         stack        0000
___int_stack_lo                         stack        0000
___latbits                              (abs)        0002
___lldiv                                text33       16C6
___lldiv@counter                        cstackBANK0  003A
___lldiv@dividend                       cstackBANK0  0031
___lldiv@divisor                        cstackBANK0  002D
___lldiv@quotient                       cstackBANK0  0036
___llmod                                text32       1618
___llmod@counter                        cstackBANK0  0029
___llmod@dividend                       cstackBANK0  0024
___llmod@divisor                        cstackBANK0  0020
___lmul                                 text19       07B4
___lmul@multiplicand                    cstackBANK0  0024
___lmul@multiplier                      cstackBANK0  0020
___lmul@product                         cstackBANK0  0029
___sp                                   stack        0000
___stack_hi                             stack        0000
___stack_lo                             stack        0000
___stackhi                              (abs)        0000
___stacklo                              (abs)        0000
___wmul                                 text30       1507
___wmul@multiplicand                    cstackBANK0  0022
___wmul@multiplier                      cstackBANK0  0020
___wmul@product                         cstackBANK0  0024
__end_of_APP_Commute                    text24       1000
__end_of_DC_Motor_Init                  text20       1573
__end_of_DC_Motor_SetVoltage            text16       0E70
__end_of_Encoder_GetAngle               text15       1800
__end_of_Encoder_ISR_Handler            text43       1793
__end_of_Encoder_Reset                  text14       142B
__end_of_HAL_ADC_ISR_Handler            text42       14BF
__end_of_HAL_GPIO_ReadPin               text13       0928
__end_of_HAL_GPIO_SetDirection          text23       07B4
__end_of_HAL_GPIO_WritePin              text22       0BB8
__end_of_HAL_PWM_Init                   text21       0B04
__end_of_HAL_PWM_SetDutyCycle           text18       0A5C
__end_of_HAL_Timer0_ISR_Handler         text40       1445
__end_of_HAL_Timer0_Init                text4        13C4
__end_of_HAL_UART_HasData               text37       13AB
__end_of_HAL_UART_ISR_Handler           text39       1507
__end_of_HAL_UART_Init                  text8        15C5
__end_of_HAL_UART_ReadChar              text36       13FB
__end_of_HAL_UART_WriteChar             text35       13B5
__end_of_HAL_UART_WriteString           text34       082D
__end_of_ISR                            text38       149C
__end_of_PID_Compute                    text12       036B
__end_of_PID_Init                       text11       0D5E
__end_of_SysTick_GetMs                  text10       14E2
__end_of_SysTick_Increment              text41       13E5
__end_of_SysTick_Init                   text3        1394
__end_of_System_Analog_Config           text9        0800
__end_of_System_Communication_Config    text7        13D4
__end_of_System_Display_Config          text6        07FF
__end_of_System_GPIO_Config             text5        07FE
__end_of_System_Services_Config         text2        139A
__end_of_Utils_IntToStr_Padded          text31       0C6F
__end_of___aldiv                        text17       09C1
__end_of___lldiv                        text33       172C
__end_of___llmod                        text32       166C
__end_of___lmul                         text19       07FC
__end_of___wmul                         text30       152E
__end_of__initialization                cinit        003D
__end_of__stringtab                     strings      1010
__end_of_atoi                           text29       08A2
__end_of_main                           maintext     0672
__end_of_strchr                         text28       1412
__end_of_strlen                         text27       145F
__end_of_strncmp                        text26       16C6
__end_of_strstr                         text25       1618
__end_of_sys_config                     text1        147D
__initialization                        cinit        0013
__pbssBANK0                             bssBANK0     0066
__pbssBANK1                             bssBANK1     00E0
__pbssBANK2                             bssBANK2     0110
__pbssBANK3                             bssBANK3     0190
__pbssCOMMON                            bssCOMMON    007C
__pcstackBANK0                          cstackBANK0  0020
__pcstackBANK1                          cstackBANK1  00A0
__pcstackCOMMON                         cstackCOMMON 0070
__pdataBANK0                            dataBANK0    006F
__pidataBANK0                           idataBANK0   07FC
__pintentry                             intentry     0004
__pmaintext                             maintext     036B
__pnvBANK0                              nvBANK0      006E
__pnvBANK1                              nvBANK1      00EE
__pstrings                              strings      1000
__ptext1                                text1        145F
__ptext10                               text10       14BF
__ptext11                               text11       0C6F
__ptext12                               text12       0041
__ptext13                               text13       08A2
__ptext14                               text14       1412
__ptext15                               text15       1793
__ptext16                               text16       0D5E
__ptext17                               text17       0928
__ptext18                               text18       09C1
__ptext19                               text19       07B4
__ptext2                                text2        1394
__ptext20                               text20       152E
__ptext21                               text21       0A5C
__ptext22                               text22       0B04
__ptext23                               text23       0672
__ptext24                               text24       0E70
__ptext25                               text25       15C5
__ptext26                               text26       166C
__ptext27                               text27       1445
__ptext28                               text28       13FB
__ptext29                               text29       082D
__ptext3                                text3        138E
__ptext30                               text30       1507
__ptext31                               text31       0BB8
__ptext32                               text32       1618
__ptext33                               text33       16C6
__ptext34                               text34       0805
__ptext35                               text35       13AB
__ptext36                               text36       13E5
__ptext37                               text37       13A2
__ptext38                               text38       147D
__ptext39                               text39       14E2
__ptext4                                text4        13B5
__ptext40                               text40       142B
__ptext41                               text41       13D4
__ptext42                               text42       149C
__ptext43                               text43       172C
__ptext5                                text5        07FD
__ptext6                                text6        07FE
__ptext7                                text7        13C4
__ptext8                                text8        1573
__ptext9                                text9        07FF
__stringbase                            strings      100F
__stringtab                             strings      1000
_adc_channel_values                     bssBANK3     0190
_atoi                                   text29       082D
_current_adc_channel                    dataBANK0    006F
_enc_mask                               bssBANK0     0069
_enc_pin_a                              bssBANK0     006D
_enc_pin_b                              bssBANK0     006A
_encoder_ticks                          bssBANK1     00E8
_g_system_ticks_ms                      bssBANK1     00E0
_main                                   maintext     036B
_portb_old                              bssBANK0     0068
_pwm_max_duty                           bssBANK1     00EC
_rx_buffer                              bssBANK2     0110
_rx_head                                bssCOMMON    007D
_rx_tail                                bssCOMMON    007C
_strchr                                 text28       13FB
_strlen                                 text27       1445
_strncmp                                text26       166C
_strstr                                 text25       15C5
_sys_config                             text1        145F
atoi@n                                  cstackBANK0  002B
atoi@neg                                cstackBANK0  002A
atoi@s                                  cstackBANK0  0026
btemp                                   (abs)        007E
btemp0                                  (abs)        007E
btemp1                                  (abs)        007F
clear_ram0                              clrtext      139A
end_of_initialization                   cinit        003D
interrupt_function                      intentry     0004
intlevel0                               functab      0000
intlevel1                               functab      0000
intlevel2                               functab      0000
intlevel3                               functab      0000
intlevel4                               functab      0000
intlevel5                               functab      0000
ltemp0a                                 (abs)        0080
main@Calib_done                         cstackBANK1  00BA
main@Motor_angle                        cstackBANK1  00AD
main@Run_mode                           cstackBANK1  00B9
main@commute_interval                   cstackBANK1  00A4
main@elapsed_time                       cstackBANK1  00BB
main@pid_motor                          cstackBANK1  00BF
main@setpoint                           cstackBANK1  00B5
main@step_count                         cstackBANK1  00AC
main@t_start                            cstackBANK1  00B1
main@t_start_commute                    cstackBANK1  00A8
main@voltage_pid_mV                     cstackBANK1  00A0
reset_vec                               reset_vec    0000
saved_w                                 (abs)        007E
start                                   init         0010
start_initialization                    cinit        0013
strchr@c                                cstackBANK0  0021
strchr@s                                cstackBANK0  0020
strlen@a                                cstackBANK0  0022
strlen@s                                cstackBANK0  0020
strncmp@l                               cstackBANK0  0020
strncmp@n                               cstackBANK0  0022
strncmp@r                               cstackBANK0  0021
strstr@h                                cstackBANK0  0026
strstr@n                                cstackBANK0  0027
strstr@nl                               cstackBANK0  002A
ttemp0a                                 (abs)        007F
wtemp0                                  (abs)        007E
wtemp0a                                 (abs)        007F


MODULE INFORMATION

Module		Function		Class		Link	Load	Size
D:\Documents\Study\Microcontroller\BTL\Big_Project_MCU\firmware\hal\hal_adc\hal_adc.c
		_HAL_ADC_ISR_Handler		CODE           	149C	0000	35

D:\Documents\Study\Microcontroller\BTL\Big_Project_MCU\firmware\hal\hal_adc\hal_adc.c estimated size: 35

D:\Documents\Study\Microcontroller\BTL\Big_Project_MCU\firmware\hal\hal_uart\hal_uart.c
		_HAL_UART_HasData		CODE           	13A2	0000	9
		_HAL_UART_Init 		CODE           	1573	0000	82
		_HAL_UART_WriteString		CODE           	0805	0000	40
		_HAL_UART_ReadChar		CODE           	13E5	0000	22
		_HAL_UART_WriteChar		CODE           	13AB	0000	10
		_HAL_UART_ISR_Handler		CODE           	14E2	0000	37

D:\Documents\Study\Microcontroller\BTL\Big_Project_MCU\firmware\hal\hal_uart\hal_uart.c estimated size: 200

D:\Documents\Study\Microcontroller\BTL\Big_Project_MCU\firmware\app\app_commute\app_commute.c
		_APP_Commute   		CODE           	0E70	0000	400

D:\Documents\Study\Microcontroller\BTL\Big_Project_MCU\firmware\app\app_commute\app_commute.c estimated size: 400

D:\Documents\Study\Microcontroller\BTL\Big_Project_MCU\firmware\sys\sys_tick\sys_tick.c
		_SysTick_Init  		CODE           	138E	0000	6
		_SysTick_GetMs 		CODE           	14BF	0000	35
		_SysTick_Increment		CODE           	13D4	0000	17

D:\Documents\Study\Microcontroller\BTL\Big_Project_MCU\firmware\sys\sys_tick\sys_tick.c estimated size: 58

c:\PROGRA~2\MICROC~1\xc8\v3.10\pic\sources\c99\common\llmod.c
		___llmod       		CODE           	1618	0000	84

c:\PROGRA~2\MICROC~1\xc8\v3.10\pic\sources\c99\common\llmod.c estimated size: 84

c:\PROGRA~2\MICROC~1\xc8\v3.10\pic\sources\c99\common\Umul32.c
		___lmul        		CODE           	07B4	0000	72

c:\PROGRA~2\MICROC~1\xc8\v3.10\pic\sources\c99\common\Umul32.c estimated size: 72

c:\PROGRA~2\MICROC~1\xc8\v3.10\pic\sources\c99\common\strncmp.c
		_strncmp       		CODE           	166C	0000	90

c:\PROGRA~2\MICROC~1\xc8\v3.10\pic\sources\c99\common\strncmp.c estimated size: 90

c:\PROGRA~2\MICROC~1\xc8\v3.10\pic\sources\c99\common\atoi.c
		_atoi          		CODE           	082D	0000	117

c:\PROGRA~2\MICROC~1\xc8\v3.10\pic\sources\c99\common\atoi.c estimated size: 117

D:\Documents\Study\Microcontroller\BTL\Big_Project_MCU\firmware\utils\utils_string\utils_string.c
		_Utils_IntToStr_Padded		CODE           	0BB8	0000	183

D:\Documents\Study\Microcontroller\BTL\Big_Project_MCU\firmware\utils\utils_string\utils_string.c estimated size: 183

D:\Documents\Study\Microcontroller\BTL\Big_Project_MCU\firmware\app\main.c
		_main          		CODE           	036B	0000	775

D:\Documents\Study\Microcontroller\BTL\Big_Project_MCU\firmware\app\main.c estimated size: 775

c:\PROGRA~2\MICROC~1\xc8\v3.10\pic\sources\c99\common\strlen.c
		_strlen        		CODE           	1445	0000	26

c:\PROGRA~2\MICROC~1\xc8\v3.10\pic\sources\c99\common\strlen.c estimated size: 26

D:\Documents\Study\Microcontroller\BTL\Big_Project_MCU\firmware\hal\hal_pwm\hal_pwm.c
		_HAL_PWM_SetDutyCycle		CODE           	09C1	0000	155
		_HAL_PWM_Init  		CODE           	0A5C	0000	168

D:\Documents\Study\Microcontroller\BTL\Big_Project_MCU\firmware\hal\hal_pwm\hal_pwm.c estimated size: 323

c:\PROGRA~2\MICROC~1\xc8\v3.10\pic\sources\c99\common\strchr.c
		_strchr        		CODE           	13FB	0000	23

c:\PROGRA~2\MICROC~1\xc8\v3.10\pic\sources\c99\common\strchr.c estimated size: 23

D:\Documents\Study\Microcontroller\BTL\Big_Project_MCU\firmware\app\app_control\app_control.c
		_ISR           		CODE           	147D	0000	31

D:\Documents\Study\Microcontroller\BTL\Big_Project_MCU\firmware\app\app_control\app_control.c estimated size: 31

c:\PROGRA~2\MICROC~1\xc8\v3.10\pic\sources\c99\common\__lldiv.c
		___lldiv       		CODE           	16C6	0000	102

c:\PROGRA~2\MICROC~1\xc8\v3.10\pic\sources\c99\common\__lldiv.c estimated size: 102

D:\Documents\Study\Microcontroller\BTL\Big_Project_MCU\firmware\drivers\DC motor\DC_Motor.c
		_DC_Motor_SetVoltage		CODE           	0D5E	0000	274
		_DC_Motor_Init 		CODE           	152E	0000	69

D:\Documents\Study\Microcontroller\BTL\Big_Project_MCU\firmware\drivers\DC motor\DC_Motor.c estimated size: 343

D:\Documents\Study\Microcontroller\BTL\Big_Project_MCU\firmware\utils\utils_pid\utils_pid.c
		_PID_Init      		CODE           	0C6F	0000	239
		_PID_Compute   		CODE           	0041	0000	810

D:\Documents\Study\Microcontroller\BTL\Big_Project_MCU\firmware\utils\utils_pid\utils_pid.c estimated size: 1049

c:\PROGRA~2\MICROC~1\xc8\v3.10\pic\sources\c99\common\aldiv.c
		___aldiv       		CODE           	0928	0000	153

c:\PROGRA~2\MICROC~1\xc8\v3.10\pic\sources\c99\common\aldiv.c estimated size: 153

shared
		__stringtab    		STRING         	1000	0000	16
		__initialization		CODE           	0013	0000	42

shared estimated size: 58

D:\Documents\Study\Microcontroller\BTL\Big_Project_MCU\firmware\drivers\Encoder\encoder.c
		_Encoder_GetAngle		CODE           	1793	0000	109
		_Encoder_Reset 		CODE           	1412	0000	25
		_Encoder_ISR_Handler		CODE           	172C	0000	103

D:\Documents\Study\Microcontroller\BTL\Big_Project_MCU\firmware\drivers\Encoder\encoder.c estimated size: 237

D:\Documents\Study\Microcontroller\BTL\Big_Project_MCU\firmware\app\app_control/../../hal/hal_timer0/hal_timer0.h
		_HAL_Timer0_ISR_Handler		CODE           	142B	0000	26

D:\Documents\Study\Microcontroller\BTL\Big_Project_MCU\firmware\app\app_control/../../hal/hal_timer0/hal_timer0.h estimated size: 26

D:\Documents\Study\Microcontroller\BTL\Big_Project_MCU\firmware\sys\sys_config\sys_config.c
		_System_GPIO_Config		CODE           	07FD	0000	1
		_System_Communication_Config		CODE           	13C4	0000	16
		_System_Display_Config		CODE           	07FE	0000	1
		_System_Analog_Config		CODE           	07FF	0000	1
		_System_Services_Config		CODE           	1394	0000	6
		_sys_config    		CODE           	145F	0000	30

D:\Documents\Study\Microcontroller\BTL\Big_Project_MCU\firmware\sys\sys_config\sys_config.c estimated size: 55

D:\Documents\Study\Microcontroller\BTL\Big_Project_MCU\firmware\hal\hal_timer0\hal_timer0.c
		_HAL_Timer0_Init		CODE           	13B5	0000	15

D:\Documents\Study\Microcontroller\BTL\Big_Project_MCU\firmware\hal\hal_timer0\hal_timer0.c estimated size: 15

c:\PROGRA~2\MICROC~1\xc8\v3.10\pic\sources\c99\common\strstr.c
		_strstr        		CODE           	15C5	0000	83

c:\PROGRA~2\MICROC~1\xc8\v3.10\pic\sources\c99\common\strstr.c estimated size: 83

c:\PROGRA~2\MICROC~1\xc8\v3.10\pic\sources\c99\common\Umul16.c
		___wmul        		CODE           	1507	0000	39

c:\PROGRA~2\MICROC~1\xc8\v3.10\pic\sources\c99\common\Umul16.c estimated size: 39

D:\Documents\Study\Microcontroller\BTL\Big_Project_MCU\firmware\hal\hal_gpio\hal_gpio.c
		_HAL_GPIO_SetDirection		CODE           	0672	0000	322
		_HAL_GPIO_ReadPin		CODE           	08A2	0000	134
		_HAL_GPIO_WritePin		CODE           	0B04	0000	180

D:\Documents\Study\Microcontroller\BTL\Big_Project_MCU\firmware\hal\hal_gpio\hal_gpio.c estimated size: 636

